../../../media/images/flickr/crawled/images/22586237738_b9e1156c07_k.jpg
../../../media/images/flickr/crawled/images/22852206257_cc65f02588_k.jpg
../../../media/images/flickr/crawled/images/23646331141_42c81b99fb_k.jpg
../../../media/images/flickr/crawled/images/23247316804_becfba6a6d_o.jpg
../../../media/images/flickr/crawled/images/23096382874_9311c0d408_o.jpg
../../../media/images/flickr/crawled/images/23391229309_914a828e26_o.jpg
../../../media/images/flickr/crawled/images/21401772542_5272d1d2ce_o.jpg
../../../media/images/flickr/crawled/images/21965425013_e3a9651c56_o.jpg
../../../media/images/flickr/crawled/images/22424108135_7628748c2f_o.jpg
../../../media/images/flickr/crawled/images/23872768455_91893b6a17_o.jpg
../../../media/images/flickr/crawled/images/23703060676_dd13261913_o.jpg
../../../media/images/flickr/crawled/images/23295143711_5af882454a_o.jpg
../../../media/images/flickr/crawled/images/23608164791_c7992fb0a3_h.jpg
../../../media/images/flickr/crawled/images/23653640271_5a5c7df1ec_k.jpg
../../../media/images/flickr/crawled/images/23574204911_cf5ba709ca_k.jpg
../../../media/images/flickr/crawled/images/22954841004_ed7a827228_o.jpg
../../../media/images/flickr/crawled/images/23548605310_8560e6f884_o.jpg
../../../media/images/flickr/crawled/images/23052332799_7bb8290979_k.jpg
../../../media/images/flickr/crawled/images/23440228859_24dfd4ce61_o.jpg
../../../media/images/flickr/crawled/images/23136836804_a31328eab5_o.jpg
../../../media/images/flickr/crawled/images/23403578880_eb61889f42_o.jpg
../../../media/images/flickr/crawled/images/23783411412_be2795e25b_o.jpg
../../../media/images/flickr/crawled/images/23804480386_313bd8c969_o.jpg
../../../media/images/flickr/crawled/images/23643802126_f980b2eca8_k.jpg
../../../media/images/flickr/crawled/images/23753261896_31b52b5a62_h.jpg
../../../media/images/flickr/crawled/images/23690908252_91e2579800_o.jpg
../../../media/images/flickr/crawled/images/23659715971_5542ab14dc_o.jpg
../../../media/images/flickr/crawled/images/23719776252_0ec5ab6128_o.jpg
../../../media/images/flickr/crawled/images/23719120522_0d71b10b0c_o.jpg
../../../media/images/flickr/crawled/images/23094867350_c166c07a63_o.jpg
../../../media/images/flickr/crawled/images/23540969091_dbab6cc8f2_o.jpg
../../../media/images/flickr/crawled/images/23853205035_0178a487bb_o.jpg
../../../media/images/flickr/crawled/images/23620750782_1892aac082_o.jpg
../../../media/images/flickr/crawled/images/23729244955_e62b7f2a15_o.jpg
../../../media/images/flickr/crawled/images/22750948124_daea4615dd_k.jpg
../../../media/images/flickr/crawled/images/23260216404_b6126ef34c_k.jpg
../../../media/images/flickr/crawled/images/23533351911_f0a891816e_o.jpg
../../../media/images/flickr/crawled/images/23019425949_719b9ce632_o.jpg
../../../media/images/flickr/crawled/images/23368214700_e5f35079c0_o.jpg
../../../media/images/flickr/crawled/images/23559629521_527121e362_o.jpg
../../../media/images/flickr/crawled/images/22147894735_9186a5aeee_k.jpg
../../../media/images/flickr/crawled/images/23441448149_b91bf08d5f_o.jpg
../../../media/images/flickr/crawled/images/22459249423_904cd3e32e_o.jpg
../../../media/images/flickr/crawled/images/23434146639_5e27803b7c_o.jpg
../../../media/images/flickr/crawled/images/23374772601_d7a10356ae_o.jpg
../../../media/images/flickr/crawled/images/23225783263_fdc81bb39a_o.jpg
../../../media/images/flickr/crawled/images/23301374441_1cf7cf115f_o.jpg
../../../media/images/flickr/crawled/images/23103846033_9e22dbcb1e_o.jpg
../../../media/images/flickr/crawled/images/23208168064_0fb010ddc3_o.jpg
../../../media/images/flickr/crawled/images/23770892895_33f0b8220e_o.jpg
../../../media/images/flickr/crawled/images/22779448013_74c06f7542_o.jpg
../../../media/images/flickr/crawled/images/23357443659_0f51281ca1_o.jpg
../../../media/images/flickr/crawled/images/23103783870_129ef9f6f9_o.jpg
../../../media/images/flickr/crawled/images/23786256906_8c4e1263cf_k.jpg
../../../media/images/flickr/crawled/images/23097456914_632b530135_o.jpg
../../../media/images/flickr/crawled/images/23831246635_0ce3a7f483_o.jpg
../../../media/images/flickr/crawled/images/23120460184_ddca717591_o.jpg
../../../media/images/flickr/crawled/images/23667276402_99c5880ed6_o.jpg
../../../media/images/flickr/crawled/images/23659366525_16d3424c4b_o.jpg
../../../media/images/flickr/crawled/images/23639549451_c2a0ee12ca_k.jpg
../../../media/images/flickr/crawled/images/23256685263_9a26c3f9ac_o.jpg
../../../media/images/flickr/crawled/images/23838720705_a409f67f34_o.jpg
../../../media/images/flickr/crawled/images/16998779460_7530ada740_h.jpg
../../../media/images/flickr/crawled/images/23596207650_b823f83e4d_o.jpg
../../../media/images/flickr/crawled/images/23301440169_2f8d68b878_o.jpg
../../../media/images/flickr/crawled/images/23254448743_e93e6d9436_o.jpg
../../../media/images/flickr/crawled/images/23696730221_ce31899d0d_o.jpg
../../../media/images/flickr/crawled/images/23775194742_c35f2c9768_o.jpg
../../../media/images/flickr/crawled/images/23022875974_1c0471553f_o.jpg
../../../media/images/flickr/crawled/images/23578174412_245eb08cc2_o.jpg
../../../media/images/flickr/crawled/images/23255462402_cc2e4263c0_o.jpg
../../../media/images/flickr/crawled/images/23101094534_49c6aa7760_o.jpg
../../../media/images/flickr/crawled/images/23337842536_b5b93d8662_o.jpg
../../../media/images/flickr/crawled/images/23126864913_9a769c693a_o.jpg
../../../media/images/flickr/crawled/images/22433119369_2c73e6f670_k.jpg
../../../media/images/flickr/crawled/images/23804711796_e5140b7e8a_o.jpg
../../../media/images/flickr/crawled/images/23861030946_f32516b6db_k.jpg
../../../media/images/flickr/crawled/images/23345460386_c194a514a9_o.jpg
../../../media/images/flickr/crawled/images/23676350755_dce3aa8c46_h.jpg
../../../media/images/flickr/crawled/images/23753121536_111cf61687_o.jpg
../../../media/images/flickr/crawled/images/23454836941_1f4f871412_o.jpg
../../../media/images/flickr/crawled/images/23257732092_3b27fa4ea7_h.jpg
../../../media/images/flickr/crawled/images/22504080103_4ee3624f9f_o.jpg
../../../media/images/flickr/crawled/images/23416207520_19985b0241_b.jpg
../../../media/images/flickr/crawled/images/23261388603_0e3505d4e4_o.jpg
../../../media/images/flickr/crawled/images/23583459080_435993891e_o.jpg
../../../media/images/flickr/crawled/images/23597938865_d9436ef9b9_o.jpg
../../../media/images/flickr/crawled/images/23628478856_4618e29fc1_o.jpg
../../../media/images/flickr/crawled/images/23549845726_2bfdbea815_b.jpg
../../../media/images/flickr/crawled/images/23722810196_2a96852755_k.jpg
../../../media/images/flickr/crawled/images/22343217243_904308a659_b.jpg
../../../media/images/flickr/crawled/images/23426723790_61912db9bb_b.jpg
../../../media/images/flickr/crawled/images/23646732701_562c0e7e57_h.jpg
../../../media/images/flickr/crawled/images/23569843990_feb8d37f5e_o.jpg
../../../media/images/flickr/crawled/images/23786352446_99be19f20c_k.jpg
../../../media/images/flickr/crawled/images/23427092790_4dc4841cc9_o.jpg
../../../media/images/flickr/crawled/images/23378780470_73beb6e042_o.jpg
../../../media/images/flickr/crawled/images/23836313265_cb53b3c6f6_o.jpg
../../../media/images/flickr/crawled/images/23010633029_a4d98bb60f_o.jpg
../../../media/images/flickr/crawled/images/23477992962_74f4320f79_o.jpg
../../../media/images/flickr/crawled/images/22361106473_b7daa18832_o.jpg
../../../media/images/flickr/crawled/images/23711224442_7ef8bb32bb_o.jpg
../../../media/images/flickr/crawled/images/23317870822_b2ca98bf09_o.jpg
../../../media/images/flickr/crawled/images/23433770339_2dc8b3a46f_o.jpg
../../../media/images/flickr/crawled/images/22760875484_9e6e6190e0_o.jpg
../../../media/images/flickr/crawled/images/23496306245_d8066817c2_h.jpg
../../../media/images/flickr/crawled/images/21192229719_ffb956a2bf_o.jpg
../../../media/images/flickr/crawled/images/23688027172_5968527ef3_k.jpg
../../../media/images/flickr/crawled/images/23236358694_6420568a49_o.jpg
../../../media/images/flickr/crawled/images/23189184224_dbee09607c_o.jpg
../../../media/images/flickr/crawled/images/23540256230_75fd72d522_o.jpg
../../../media/images/flickr/crawled/images/23797945981_4dcef2f3c5_b.jpg
../../../media/images/flickr/crawled/images/23533787220_daf70892ab_k.jpg
../../../media/images/flickr/crawled/images/23129663873_fc9a42f15c_o.jpg
../../../media/images/flickr/crawled/images/22550165723_cb53fcdac1_k.jpg
../../../media/images/flickr/crawled/images/23646689931_8b7d09ca03_o.jpg
../../../media/images/flickr/crawled/images/23189145404_40791f31ca_o.jpg
../../../media/images/flickr/crawled/images/23361290349_ff820ab4c0_o.jpg
../../../media/images/flickr/crawled/images/23104385693_314c0c4d18_o.jpg
../../../media/images/flickr/crawled/images/23231645853_ec0fd9cc30_o.jpg
../../../media/images/flickr/crawled/images/23761252432_96547b601b_o.jpg
../../../media/images/flickr/crawled/images/23013808144_80f957a973_o.jpg
../../../media/images/flickr/crawled/images/23493274260_4a07bb9bd1_o.jpg
../../../media/images/flickr/crawled/images/23366142205_7216d1148a_h.jpg
../../../media/images/flickr/crawled/images/23750080182_9b21e97333_o.jpg
../../../media/images/flickr/crawled/images/23595557221_f2e301a4b4_o.jpg
../../../media/images/flickr/crawled/images/23354871849_d080fb72f7_o.jpg
../../../media/images/flickr/crawled/images/21897591744_fe98a8719e_o.jpg
../../../media/images/flickr/crawled/images/23368578649_0667a9f24a_o.jpg
../../../media/images/flickr/crawled/images/23279020271_97891f229a_b.jpg
../../../media/images/flickr/crawled/images/23365308606_57ed55e17f_o.jpg
../../../media/images/flickr/crawled/images/23260556381_76ab0f1ac3_o.jpg
../../../media/images/flickr/crawled/images/23454470190_6b983dae04_k.jpg
../../../media/images/flickr/crawled/images/23338866351_1eba8a66d7_o.jpg
../../../media/images/flickr/crawled/images/23626844752_cb2b27da51_o.jpg
../../../media/images/flickr/crawled/images/23375634306_d69e57529f_o.jpg
../../../media/images/flickr/crawled/images/23671809682_50b95fe575_o.jpg
../../../media/images/flickr/crawled/images/23760778641_ab2e104bd5_k.jpg
../../../media/images/flickr/crawled/images/23397516759_51724f23fa_o.jpg
../../../media/images/flickr/crawled/images/23366263649_2c27a561d9_o.jpg
../../../media/images/flickr/crawled/images/23282985532_07ec6a1f4b_b.jpg
../../../media/images/flickr/crawled/images/23015532359_db36770275_b.jpg
../../../media/images/flickr/crawled/images/23662518821_aa0fa5b386_o.jpg
../../../media/images/flickr/crawled/images/23708037772_f7bd380448_b.jpg
../../../media/images/flickr/crawled/images/23288286855_11076f4f02_k.jpg
../../../media/images/flickr/crawled/images/23740900806_c82bddf12b_k.jpg
../../../media/images/flickr/crawled/images/22603289041_217faab77b_o.jpg
../../../media/images/flickr/crawled/images/23095925544_e9513903ea_o.jpg
../../../media/images/flickr/crawled/images/23088926954_988628ab54_k.jpg
../../../media/images/flickr/crawled/images/23771155366_ce087266ca_h.jpg
../../../media/images/flickr/crawled/images/23405802405_561b0819cb_k.jpg
../../../media/images/flickr/crawled/images/23809264945_0765fcfb4d_o.jpg
../../../media/images/flickr/crawled/images/23469859030_ea120bbd56_b.jpg
../../../media/images/flickr/crawled/images/23122206704_a3be227489_k.jpg
../../../media/images/flickr/crawled/images/22988878283_d85a603222_o.jpg
../../../media/images/flickr/crawled/images/23764683722_1bc7a02c3a_o.jpg
../../../media/images/flickr/crawled/images/23827279946_bb31b3ba53_o.jpg
../../../media/images/flickr/crawled/images/22895680740_c8205097ef_o.jpg
../../../media/images/flickr/crawled/images/23790527685_970fcac881_k.jpg
../../../media/images/flickr/crawled/images/22502507434_a0937cc7ea_o.jpg
../../../media/images/flickr/crawled/images/22603706602_40ac0b36f2_o.jpg
../../../media/images/flickr/crawled/images/23291082381_688541fa60_b.jpg
../../../media/images/flickr/crawled/images/7975545163_2c44ab3a5d_k.jpg
../../../media/images/flickr/crawled/images/23730271916_4340e673c2_o.jpg
../../../media/images/flickr/crawled/images/23795102051_5bd8bb2427_o.jpg
../../../media/images/flickr/crawled/images/23580318020_4cfdfc0026_o.jpg
../../../media/images/flickr/crawled/images/23738405912_2ee12458de_b.jpg
../../../media/images/flickr/crawled/images/23500275181_c772527f2f_o.jpg
../../../media/images/flickr/crawled/images/23237293084_c26ab28231_o.jpg
../../../media/images/flickr/crawled/images/23706804712_57ec451654_h.jpg
../../../media/images/flickr/crawled/images/23253881663_5600069661_o.jpg
../../../media/images/flickr/crawled/images/23263846139_83186e6e6c_h.jpg
../../../media/images/flickr/crawled/images/23716023772_78e8f9f413_k.jpg
../../../media/images/flickr/crawled/images/22035170104_b5c3e5f3ff_b.jpg
../../../media/images/flickr/crawled/images/23850827066_23e9fe22bd_b.jpg
../../../media/images/flickr/crawled/images/23543658712_6153555f41_b.jpg
../../../media/images/flickr/crawled/images/23533510461_f034fefff1_o.jpg
../../../media/images/flickr/crawled/images/23705548251_eb1b000455_o.jpg
../../../media/images/flickr/crawled/images/21695556669_4a9c133930_o.jpg
../../../media/images/flickr/crawled/images/22998189543_7e339b1c8b_h.jpg
../../../media/images/flickr/crawled/images/22757240893_48ea6e9cdc_k.jpg
../../../media/images/flickr/crawled/images/23199324554_3635141523_o.jpg
../../../media/images/flickr/crawled/images/23378894245_0e11d8c358_o.jpg
../../../media/images/flickr/crawled/images/23361303229_6580d2b981_o.jpg
../../../media/images/flickr/crawled/images/23676516876_01e75037b5_k.jpg
../../../media/images/flickr/crawled/images/21932995633_a676a9251e_o.jpg
../../../media/images/flickr/crawled/images/23876560935_25fa15786b_o.jpg
../../../media/images/flickr/crawled/images/23185784023_9604e6d19e_k.jpg
../../../media/images/flickr/crawled/images/23722404005_ca7ee45622_b.jpg
../../../media/images/flickr/crawled/images/23698728216_013bdf4a57_o.jpg
../../../media/images/flickr/crawled/images/23239680363_6864f9e28a_b.jpg
../../../media/images/flickr/crawled/images/23508097129_e489e24a76_o.jpg
../../../media/images/flickr/crawled/images/23771397112_508dc3ce20_o.jpg
../../../media/images/flickr/crawled/images/23749313355_aba9dde660_o.jpg
../../../media/images/flickr/crawled/images/23448732480_2b55fabcfb_o.jpg
../../../media/images/flickr/crawled/images/23722331276_3946338b0c_o.jpg
../../../media/images/flickr/crawled/images/22713968639_5253624fbe_k.jpg
../../../media/images/flickr/crawled/images/23889095135_af0d83bbfd_o.jpg
../../../media/images/flickr/crawled/images/21266304794_630e102ac4_o.jpg
../../../media/images/flickr/crawled/images/23753489735_b51dc18f1e_o.jpg
../../../media/images/flickr/crawled/images/23763400251_15de886f76_o.jpg
../../../media/images/flickr/crawled/images/23394155896_285ed8606b_o.jpg
../../../media/images/flickr/crawled/images/23058395223_ffa103799c_o.jpg
../../../media/images/flickr/crawled/images/22968347434_58dbc45d30_k.jpg
../../../media/images/flickr/crawled/images/23433574090_7be0013190_o.jpg
../../../media/images/flickr/crawled/images/23747364472_c7e440c86c_o.jpg
../../../media/images/flickr/crawled/images/23097460864_7082377069_o.jpg
../../../media/images/flickr/crawled/images/23485972760_18671a281b_o.jpg
../../../media/images/flickr/crawled/images/22592120065_d699b12a7f_o.jpg
../../../media/images/flickr/crawled/images/23162284013_71255bff68_o.jpg
../../../media/images/flickr/crawled/images/23251305934_272423134d_o.jpg
../../../media/images/flickr/crawled/images/23404659570_b8a825ff43_o.jpg
../../../media/images/flickr/crawled/images/23300519401_d83c219ec3_o.jpg
../../../media/images/flickr/crawled/images/23470698040_d197ea6f4a_h.jpg
../../../media/images/flickr/crawled/images/22644446702_45aaf52f65_b.jpg
../../../media/images/flickr/crawled/images/23630910106_a0dce7e377_o.jpg
../../../media/images/flickr/crawled/images/23480787329_fef1b889ac_k.jpg
../../../media/images/flickr/crawled/images/22342701598_b197b59ae7_o.jpg
../../../media/images/flickr/crawled/images/23248840743_725f09ba62_k.jpg
../../../media/images/flickr/crawled/images/22694661137_40db659b6e_o.jpg
../../../media/images/flickr/crawled/images/23885430455_39c38e8e6f_o.jpg
../../../media/images/flickr/crawled/images/23059248973_5e251fdfba_o.jpg
../../../media/images/flickr/crawled/images/23710262812_20f71899ff_o.jpg
../../../media/images/flickr/crawled/images/23313191989_94537e18fd_o.jpg
../../../media/images/flickr/crawled/images/22955811293_566576f335_o.jpg
../../../media/images/flickr/crawled/images/23552216461_53751b381e_k.jpg
../../../media/images/flickr/crawled/images/23225703743_d1bae21320_k.jpg
../../../media/images/flickr/crawled/images/22988869980_024e4e34d4_o.jpg
../../../media/images/flickr/crawled/images/22774311994_56871bea63_o.jpg
../../../media/images/flickr/crawled/images/23280319921_3d57448291_o.jpg
../../../media/images/flickr/crawled/images/23747254215_0e6d264df4_o.jpg
../../../media/images/flickr/crawled/images/23747278081_4004ba2fbb_o.jpg
../../../media/images/flickr/crawled/images/23647133881_bd77d7a4b3_k.jpg
../../../media/images/flickr/crawled/images/23161307283_0384ac25aa_o.jpg
../../../media/images/flickr/crawled/images/23205299704_01e794bc32_o.jpg
../../../media/images/flickr/crawled/images/23703129606_a6ff4a80b8_o.jpg
../../../media/images/flickr/crawled/images/23511200346_15d7fa2877_o.jpg
../../../media/images/flickr/crawled/images/23612694971_32f3c3522e_o.jpg
../../../media/images/flickr/crawled/images/23407101709_2e7146031e_h.jpg
../../../media/images/flickr/crawled/images/23199459844_b4b9d86b78_o.jpg
../../../media/images/flickr/crawled/images/23738932056_412a314e7d_o.jpg
../../../media/images/flickr/crawled/images/22755621874_de570314dc_o.jpg
../../../media/images/flickr/crawled/images/23745480832_12d19be1f1_o.jpg
../../../media/images/flickr/crawled/images/22592140535_bcecf00499_o.jpg
../../../media/images/flickr/crawled/images/23372312746_8c62ecc64a_o.jpg
../../../media/images/flickr/crawled/images/23696341716_34f00912cd_b.jpg
../../../media/images/flickr/crawled/images/23793571985_fe5372fa83_o.jpg
../../../media/images/flickr/crawled/images/23278494055_6ffc1e103e_k.jpg
../../../media/images/flickr/crawled/images/23712961392_30e96dfb43_b.jpg
../../../media/images/flickr/crawled/images/23703164116_6aee800b14_o.jpg
../../../media/images/flickr/crawled/images/23696344346_aa4d8b4c32_b.jpg
../../../media/images/flickr/crawled/images/21994819634_a38e562c1f_o.jpg
../../../media/images/flickr/crawled/images/23831659975_9f5c5b417f_o.jpg
../../../media/images/flickr/crawled/images/22626821864_03c1db2232_o.jpg
../../../media/images/flickr/crawled/images/23596489495_9bfb8a67e5_k.jpg
../../../media/images/flickr/crawled/images/23741370646_8bcf30a776_k.jpg
../../../media/images/flickr/crawled/images/23069739824_4636de095a_k.jpg
../../../media/images/flickr/crawled/images/22481862949_ed6bd89944_o.jpg
../../../media/images/flickr/crawled/images/23121874603_cb53b349b0_k.jpg
../../../media/images/flickr/crawled/images/22982639630_066f89d96d_o.jpg
../../../media/images/flickr/crawled/images/23083845943_044282cf81_o.jpg
../../../media/images/flickr/crawled/images/23781057875_9011992e4b_k.jpg
../../../media/images/flickr/crawled/images/23148663253_58aa8d5cce_o.jpg
../../../media/images/flickr/crawled/images/22059459644_f9bb7d906d_k.jpg
../../../media/images/flickr/crawled/images/23686572792_3729a12d99_b.jpg
../../../media/images/flickr/crawled/images/23606745531_57ccd8953b_o.jpg
../../../media/images/flickr/crawled/images/23025642594_dbd8ec0304_o.jpg
../../../media/images/flickr/crawled/images/23152920713_2097f78c05_o.jpg
../../../media/images/flickr/crawled/images/23094718074_f4ec81e0cd_o.jpg
../../../media/images/flickr/crawled/images/23739875965_a2fc2cf1bc_b.jpg
../../../media/images/flickr/crawled/images/23206684353_8a611d7617_o.jpg
../../../media/images/flickr/crawled/images/22406328467_9be4777d3d_o.jpg
../../../media/images/flickr/crawled/images/23430755470_62e8748df6_b.jpg
../../../media/images/flickr/crawled/images/23813356355_29efea49da_o.jpg
../../../media/images/flickr/crawled/images/23791174736_2249491d00_o.jpg
../../../media/images/flickr/crawled/images/23747470231_8ac0798fc9_k.jpg
../../../media/images/flickr/crawled/images/23261663634_c4d647148d_o.jpg
../../../media/images/flickr/crawled/images/23705304736_ae2a1f1242_o.jpg
../../../media/images/flickr/crawled/images/23571897656_0826453085_o.jpg
../../../media/images/flickr/crawled/images/22672421848_ae04c5c376_h.jpg
../../../media/images/flickr/crawled/images/23859041176_a8781ceda2_h.jpg
../../../media/images/flickr/crawled/images/22559640600_7e0fdea18b_o.jpg
../../../media/images/flickr/crawled/images/23150573523_384c70a4ee_o.jpg
../../../media/images/flickr/crawled/images/23713517381_da3e73578f_o.jpg
../../../media/images/flickr/crawled/images/23171951343_06a5776643_k.jpg
../../../media/images/flickr/crawled/images/23648529602_32a3dda654_k.jpg
../../../media/images/flickr/crawled/images/23109453114_c33a78ec19_o.jpg
../../../media/images/flickr/crawled/images/22800840752_9d5db176cd_o.jpg
../../../media/images/flickr/crawled/images/23720905311_77547a0ec4_b.jpg
../../../media/images/flickr/crawled/images/23716642392_8c189b99a0_o.jpg
../../../media/images/flickr/crawled/images/22803814071_ee02569d29_k.jpg
../../../media/images/flickr/crawled/images/23511211626_757e7d7819_o.jpg
../../../media/images/flickr/crawled/images/23709114581_b3cafce860_k.jpg
../../../media/images/flickr/crawled/images/23152290613_ab9c2237de_o.jpg
../../../media/images/flickr/crawled/images/22644446032_f23a3be113_b.jpg
../../../media/images/flickr/crawled/images/22533572731_dfb938f96b_o.jpg
../../../media/images/flickr/crawled/images/23757151202_293bb38803_o.jpg
../../../media/images/flickr/crawled/images/23013945934_954134fd01_o.jpg
../../../media/images/flickr/crawled/images/23092931800_dda97c8a01_o.jpg
../../../media/images/flickr/crawled/images/23352205580_585dddbf62_o.jpg
../../../media/images/flickr/crawled/images/23114878213_4792ab73d9_o.jpg
../../../media/images/flickr/crawled/images/23427152890_4dbe4be9ed_o.jpg
../../../media/images/flickr/crawled/images/23411789229_9ab27a605c_o.jpg
../../../media/images/flickr/crawled/images/23690844166_3a697d692d_k.jpg
../../../media/images/flickr/crawled/images/23094773454_34b13de24e_o.jpg
../../../media/images/flickr/crawled/images/22709196133_6e3a08974f_o.jpg
../../../media/images/flickr/crawled/images/23790726795_56524f8400_o.jpg
../../../media/images/flickr/crawled/images/23093348364_2f976e348c_o.jpg
../../../media/images/flickr/crawled/images/23103700504_c0ffcd359a_k.jpg
../../../media/images/flickr/crawled/images/22418516730_58b02ec391_o.jpg
../../../media/images/flickr/crawled/images/22964791806_856cf36dc7_o.jpg
../../../media/images/flickr/crawled/images/23201135053_0f8c8567ec_o.jpg
../../../media/images/flickr/crawled/images/23707922616_af59dce945_o.jpg
../../../media/images/flickr/crawled/images/22955568643_0141799052_o.jpg
../../../media/images/flickr/crawled/images/23745296422_32013f2e9e_k.jpg
../../../media/images/flickr/crawled/images/22879840497_298a0060ec_k.jpg
../../../media/images/flickr/crawled/images/23796807006_84c1da81fb_o.jpg
../../../media/images/flickr/crawled/images/23571896106_2c5f96efa6_o.jpg
../../../media/images/flickr/crawled/images/23644132206_4aa49a162b_b.jpg
../../../media/images/flickr/crawled/images/23032219423_383e58718f_o.jpg
../../../media/images/flickr/crawled/images/23830494135_58ce6f647d_o.jpg
../../../media/images/flickr/crawled/images/23707992982_44f14a89aa_b.jpg
../../../media/images/flickr/crawled/images/23231704553_af7bb29759_o.jpg
../../../media/images/flickr/crawled/images/23271724522_9b126d0461_k.jpg
../../../media/images/flickr/crawled/images/23753093696_5904dd855b_o.jpg
../../../media/images/flickr/crawled/images/23341986019_08d7835873_o.jpg
../../../media/images/flickr/crawled/images/23716811395_dafe141394_o.jpg
../../../media/images/flickr/crawled/images/23789447356_4d58fa58eb_k.jpg
../../../media/images/flickr/crawled/images/23562804812_850955bd15_o.jpg
../../../media/images/flickr/crawled/images/23101182153_377cd31e8c_k.jpg
../../../media/images/flickr/crawled/images/22558938570_ebedf49f83_o.jpg
../../../media/images/flickr/crawled/images/22736376553_f470a16c7b_o.jpg
../../../media/images/flickr/crawled/images/23400220345_f78dfa22f0_o.jpg
../../../media/images/flickr/crawled/images/23782567166_70c6d3f505_o.jpg
../../../media/images/flickr/crawled/images/23296827921_39edae8bba_o.jpg
../../../media/images/flickr/crawled/images/22770058503_f12fc9cf03_o.jpg
../../../media/images/flickr/crawled/images/23526001890_05e23c110e_o.jpg
../../../media/images/flickr/crawled/images/23502698889_ba27ba85f5_o.jpg
../../../media/images/flickr/crawled/images/23160823354_de38d4eb7e_o.jpg
../../../media/images/flickr/crawled/images/23189119084_82b2c68b79_o.jpg
../../../media/images/flickr/crawled/images/23107709774_7de5e577c3_k.jpg
../../../media/images/flickr/crawled/images/23767971035_8cdbb034de_o.jpg
../../../media/images/flickr/crawled/images/23631485732_93951e3578_k.jpg
../../../media/images/flickr/crawled/images/23499163329_f69c26461a_k.jpg
../../../media/images/flickr/crawled/images/23286442602_cf48ed09ad_k.jpg
../../../media/images/flickr/crawled/images/23501734750_48d93ff255_o.jpg
../../../media/images/flickr/crawled/images/23075817650_fef2a222c6_o.jpg
../../../media/images/flickr/crawled/images/23703992676_0170a4497f_o.jpg
../../../media/images/flickr/crawled/images/22992048335_e6d8312462_o.jpg
../../../media/images/flickr/crawled/images/23315988139_a386542c87_o.jpg
../../../media/images/flickr/crawled/images/23171063074_a3fe18dd27_o.jpg
../../../media/images/flickr/crawled/images/23855790725_2c973f3905_h.jpg
../../../media/images/flickr/crawled/images/23174819633_67bc3989b7_h.jpg
../../../media/images/flickr/crawled/images/23647183671_637f097352_k.jpg
../../../media/images/flickr/crawled/images/23119122579_846a7078fa_k.jpg
../../../media/images/flickr/crawled/images/23190140633_9668e8c69a_h.jpg
../../../media/images/flickr/crawled/images/23754209036_9caea27d41_o.jpg
../../../media/images/flickr/crawled/images/23880471275_dbdca4cbc8_k.jpg
../../../media/images/flickr/crawled/images/23195858894_2275663e57_o.jpg
../../../media/images/flickr/crawled/images/21902673145_9717eb8a93_o.jpg
../../../media/images/flickr/crawled/images/23638901621_714cc7e455_o.jpg
../../../media/images/flickr/crawled/images/23378617145_5c42817686_o.jpg
../../../media/images/flickr/crawled/images/23846289895_25eaaf565f_o.jpg
../../../media/images/flickr/crawled/images/23126881753_7115abe192_o.jpg
../../../media/images/flickr/crawled/images/21964134524_f2a87a5cae_o.jpg
../../../media/images/flickr/crawled/images/23792268986_8b141ccf9f_o.jpg
../../../media/images/flickr/crawled/images/23190626933_c187ee8ac6_k.jpg
../../../media/images/flickr/crawled/images/22803274804_e03d7508d3_o.jpg
../../../media/images/flickr/crawled/images/23885524485_631bcf7ab8_o.jpg
../../../media/images/flickr/crawled/images/23576375346_8d59b9c97b_k.jpg
../../../media/images/flickr/crawled/images/23287865382_d65bfae841_k.jpg
../../../media/images/flickr/crawled/images/23728167076_bdca415c9c_o.jpg
../../../media/images/flickr/crawled/images/22841150879_4a89dabefd_o.jpg
../../../media/images/flickr/crawled/images/23691146251_b022f9c2a6_o.jpg
../../../media/images/flickr/crawled/images/23256204953_7c644aab9d_o.jpg
../../../media/images/flickr/crawled/images/23712079976_2006ea6730_o.jpg
../../../media/images/flickr/crawled/images/22650067874_7c1452de6d_o.jpg
../../../media/images/flickr/crawled/images/23755229242_c34958a461_b.jpg
../../../media/images/flickr/crawled/images/23805915306_84cb1aec9c_o.jpg
../../../media/images/flickr/crawled/images/23040945716_be83d8560b_o.jpg
../../../media/images/flickr/crawled/images/23311082889_f6d1cc5fe8_o.jpg
../../../media/images/flickr/crawled/images/23726750762_e198e94a16_o.jpg
../../../media/images/flickr/crawled/images/23597938745_f7f52f9596_o.jpg
../../../media/images/flickr/crawled/images/23512835749_ecf60368f0_k.jpg
../../../media/images/flickr/crawled/images/23732880425_8926a1ac33_k.jpg
../../../media/images/flickr/crawled/images/23709662605_2d9e4185ef_o.jpg
../../../media/images/flickr/crawled/images/23584620972_af94d8564f_o.jpg
../../../media/images/flickr/crawled/images/23425956840_ce50d08fda_b.jpg
../../../media/images/flickr/crawled/images/23520925262_6e399cf9a9_o.jpg
../../../media/images/flickr/crawled/images/23222158233_fec01764a1_k.jpg
../../../media/images/flickr/crawled/images/23795007645_c1f9746243_b.jpg
../../../media/images/flickr/crawled/images/23598572210_af9a8b78af_o.jpg
../../../media/images/flickr/crawled/images/23166878784_be4f847379_b.jpg
../../../media/images/flickr/crawled/images/23267140592_ebcd9ca51b_o.jpg
../../../media/images/flickr/crawled/images/23468009079_6d3cbfb164_o.jpg
../../../media/images/flickr/crawled/images/23758078581_f12ae1d7ba_k.jpg
../../../media/images/flickr/crawled/images/23640361882_919b8beb50_o.jpg
../../../media/images/flickr/crawled/images/23414489910_0d62fb1839_o.jpg
../../../media/images/flickr/crawled/images/23640013381_ed2151a696_o.jpg
../../../media/images/flickr/crawled/images/23535608690_cfc9edcccd_b.jpg
../../../media/images/flickr/crawled/images/21417187148_049b3f14c9_b.jpg
../../../media/images/flickr/crawled/images/23743426542_7bdd15b0f7_o.jpg
../../../media/images/flickr/crawled/images/23627472601_132b9bd23b_o.jpg
../../../media/images/flickr/crawled/images/23310022709_f03320028f_o.jpg
../../../media/images/flickr/crawled/images/23767710822_d40c470261_o.jpg
../../../media/images/flickr/crawled/images/23771040335_7c5864e442_b.jpg
../../../media/images/flickr/crawled/images/23125225044_51acb828d8_k.jpg
../../../media/images/flickr/crawled/images/21537415568_cd2c1da95c_o.jpg
../../../media/images/flickr/crawled/images/23550775412_ff58338951_o.jpg
../../../media/images/flickr/crawled/images/23249558603_f6ab12bd54_o.jpg
../../../media/images/flickr/crawled/images/23185768463_0835071b61_k.jpg
../../../media/images/flickr/crawled/images/22755022373_93c8fc7423_k.jpg
../../../media/images/flickr/crawled/images/22880942610_5dcaa562a3_o.jpg
../../../media/images/flickr/crawled/images/23559910940_bb9f47e736_o.jpg
../../../media/images/flickr/crawled/images/23819560795_788c4fc8a6_k.jpg
../../../media/images/flickr/crawled/images/23648843301_8ea81b7165_o.jpg
../../../media/images/flickr/crawled/images/21718740265_ce65af6412_o.jpg
../../../media/images/flickr/crawled/images/22571968135_79413e1d8e_b.jpg
../../../media/images/flickr/crawled/images/23554119911_00bbea6afe_o.jpg
../../../media/images/flickr/crawled/images/22598439081_7e3252daec_o.jpg
../../../media/images/flickr/crawled/images/23225260444_ca5ac794a6_k.jpg
../../../media/images/flickr/crawled/images/23330632579_3aa4f8f86e_k.jpg
../../../media/images/flickr/crawled/images/23031106029_825ff908bb_k.jpg
../../../media/images/flickr/crawled/images/21702258699_f92bb101eb_o.jpg
../../../media/images/flickr/crawled/images/23149131953_d3e97d9240_z.jpg
../../../media/images/flickr/crawled/images/23635079942_9255380579_b.jpg
../../../media/images/flickr/crawled/images/23083853473_d4827aa8d0_o.jpg
../../../media/images/flickr/crawled/images/23443882640_b0e0d8e3d1_o.jpg
../../../media/images/flickr/crawled/images/23394751495_7de8b6fcfe_o.jpg
../../../media/images/flickr/crawled/images/23071447173_4ce36ddcc5_k.jpg
../../../media/images/flickr/crawled/images/23767734475_ee8b76d697_o.jpg
../../../media/images/flickr/crawled/images/23296754131_2362a7ed71_k.jpg
../../../media/images/flickr/crawled/images/22778450693_64d5a4f67e_k.jpg
../../../media/images/flickr/crawled/images/23171835433_9df76f8ab7_o.jpg
../../../media/images/flickr/crawled/images/23725567175_845ed6cfe8_o.jpg
../../../media/images/flickr/crawled/images/23717917245_98ff0bd5f9_k.jpg
../../../media/images/flickr/crawled/images/22277218664_f4f2249f76_k.jpg
../../../media/images/flickr/crawled/images/23653794412_c17ad69d68_k.jpg
../../../media/images/flickr/crawled/images/23276004582_a2dfffa11e_k.jpg
../../../media/images/flickr/crawled/images/23493260282_44f8024e5a_o.jpg
../../../media/images/flickr/crawled/images/23794438841_856d990302_o.jpg
../../../media/images/flickr/crawled/images/23285886769_4931db2496_o.jpg
../../../media/images/flickr/crawled/images/23765025081_9a11672ec5_o.jpg
../../../media/images/flickr/crawled/images/23770913056_f4b704c936_h.jpg
../../../media/images/flickr/crawled/images/23178592796_d7643f2f07_o.jpg
../../../media/images/flickr/crawled/images/22557703791_7fce104dd9_k.jpg
../../../media/images/flickr/crawled/images/23253167394_8ee6e82763_o.jpg
../../../media/images/flickr/crawled/images/23503311950_1223033e67_o.jpg
../../../media/images/flickr/crawled/images/23735566975_e2abf869a7_k.jpg
../../../media/images/flickr/crawled/images/23765482376_382d4b7565_k.jpg
../../../media/images/flickr/crawled/images/23468370549_1ebcb754bc_o.jpg
../../../media/images/flickr/crawled/images/23576989751_a8df3c6afa_o.jpg
../../../media/images/flickr/crawled/images/22856640809_911d3a6ecb_k.jpg
../../../media/images/flickr/crawled/images/23218417281_603e0639f1_k.jpg
../../../media/images/flickr/crawled/images/23116859373_32c0d1ffb4_o.jpg
../../../media/images/flickr/crawled/images/23627763926_a04a3f8155_o.jpg
../../../media/images/flickr/crawled/images/23821190526_f6c5827eae_o.jpg
../../../media/images/flickr/crawled/images/22169158913_6404e78513_k.jpg
../../../media/images/flickr/crawled/images/22596509813_cd468c31d3_o.jpg
../../../media/images/flickr/crawled/images/23839173305_ee033fa9d8_k.jpg
../../../media/images/flickr/crawled/images/22414054183_ed9abeb687_o.jpg
../../../media/images/flickr/crawled/images/23446639779_8083f510db_o.jpg
../../../media/images/flickr/crawled/images/23510980522_b34a60c62d_o.jpg
../../../media/images/flickr/crawled/images/23236293244_d655e85841_k.jpg
../../../media/images/flickr/crawled/images/23625667872_9c323d5143_o.jpg
../../../media/images/flickr/crawled/images/23543291552_e3cf6b598e_o.jpg
../../../media/images/flickr/crawled/images/23198955774_75a2378f91_o.jpg
../../../media/images/flickr/crawled/images/23734123806_8a9bf410b6_b.jpg
../../../media/images/flickr/crawled/images/23256755343_e5f9bb875b_o.jpg
../../../media/images/flickr/crawled/images/23832339256_a6f9295b3a_o.jpg
../../../media/images/flickr/crawled/images/23296781375_a659078e24_b.jpg
../../../media/images/flickr/crawled/images/23127481633_351dec85ce_o.jpg
../../../media/images/flickr/crawled/images/23130088343_ee9d231083_k.jpg
../../../media/images/flickr/crawled/images/23347387752_bf0f14120f_k.jpg
../../../media/images/flickr/crawled/images/23879518235_a5006064b8_o.jpg
../../../media/images/flickr/crawled/images/23468371069_220a435485_o.jpg
../../../media/images/flickr/crawled/images/23663369351_e0512f3d10_o.jpg
../../../media/images/flickr/crawled/images/21899969003_34fd6484a9_o.jpg
../../../media/images/flickr/crawled/images/23668342621_28a8d3a676_o.jpg
../../../media/images/flickr/crawled/images/23085481843_6aa25019fb_k.jpg
../../../media/images/flickr/crawled/images/23028218439_b975ac4d8a_b.jpg
../../../media/images/flickr/crawled/images/23495092019_90be6e0e7d_o.jpg
../../../media/images/flickr/crawled/images/23168657173_fb00a50f38_o.jpg
../../../media/images/flickr/crawled/images/23799305895_b23101366a_o.jpg
../../../media/images/flickr/crawled/images/23683851996_04995df407_o.jpg
../../../media/images/flickr/crawled/images/22751104033_c4a3d42c81_o.jpg
../../../media/images/flickr/crawled/images/22367720604_444e0383a2_b.jpg
../../../media/images/flickr/crawled/images/23152239464_00a3b252c9_o.jpg
../../../media/images/flickr/crawled/images/22293800661_29d63e3286_o.jpg
../../../media/images/flickr/crawled/images/23641034652_6f5b24c136_k.jpg
../../../media/images/flickr/crawled/images/23459199890_e15baa951b_k.jpg
../../../media/images/flickr/crawled/images/23227132573_833803401b_o.jpg
../../../media/images/flickr/crawled/images/23766032946_84d2552570_o.jpg
../../../media/images/flickr/crawled/images/23145902944_a215a2a32e_k.jpg
../../../media/images/flickr/crawled/images/23740669932_fe1c9ae7d0_k.jpg
../../../media/images/flickr/crawled/images/23255299874_b5585d7398_o.jpg
../../../media/images/flickr/crawled/images/21793865980_4d48fe4606_o.jpg
../../../media/images/flickr/crawled/images/23528210260_d560eb32ba_o.jpg
../../../media/images/flickr/crawled/images/23847638746_86a21ce306_o.jpg
../../../media/images/flickr/crawled/images/23003502294_2c9a904004_h.jpg
../../../media/images/flickr/crawled/images/23367483549_31c0f0536a_k.jpg
../../../media/images/flickr/crawled/images/23363780780_d0730486e2_o.jpg
../../../media/images/flickr/crawled/images/22957825994_c18d324c5c_o.jpg
../../../media/images/flickr/crawled/images/23790414866_1f1a2fef7d_o.jpg
../../../media/images/flickr/crawled/images/23703166096_dc87e6747f_o.jpg
../../../media/images/flickr/crawled/images/23780694662_d6f6fc4306_o.jpg
../../../media/images/flickr/crawled/images/23691304782_a3d763f8c7_b.jpg
../../../media/images/flickr/crawled/images/22209919361_398a58c456_k.jpg
../../../media/images/flickr/crawled/images/22571388760_136fae64e5_k.jpg
../../../media/images/flickr/crawled/images/23554581800_52356fc0c9_k.jpg
../../../media/images/flickr/crawled/images/23428776552_cb8b12923c_o.jpg
../../../media/images/flickr/crawled/images/22354522528_07f50a092e_h.jpg
../../../media/images/flickr/crawled/images/23269608890_242d2ec7d3_b.jpg
../../../media/images/flickr/crawled/images/23423322290_b3e3c412be_o.jpg
../../../media/images/flickr/crawled/images/23234542379_af72356ae6_k.jpg
../../../media/images/flickr/crawled/images/23039339434_3fcc120aef_o.jpg
../../../media/images/flickr/crawled/images/23712573841_9740673654_b.jpg
../../../media/images/flickr/crawled/images/22622325554_b81caeba7d_o.jpg
../../../media/images/flickr/crawled/images/23558870050_834c4b315e_o.jpg
../../../media/images/flickr/crawled/images/23507761420_d8aa7095a5_o.jpg
../../../media/images/flickr/crawled/images/23081712274_b4727f5eb3_o.jpg
../../../media/images/flickr/crawled/images/23734429951_ffe73ec9be_h.jpg
../../../media/images/flickr/crawled/images/23200414214_339fcb136d_o.jpg
../../../media/images/flickr/crawled/images/23894266375_f478b68d28_o.jpg
../../../media/images/flickr/crawled/images/23080678024_515c221873_o.jpg
../../../media/images/flickr/crawled/images/23297363822_0fe4f8413e_k.jpg
../../../media/images/flickr/crawled/images/23550103896_61be6fd138_o.jpg
../../../media/images/flickr/crawled/images/23184748701_fc63a0b01e_k.jpg
../../../media/images/flickr/crawled/images/23709254985_566bb2f227_o.jpg
../../../media/images/flickr/crawled/images/23750331046_27cde6c0f1_b.jpg
../../../media/images/flickr/crawled/images/23333111006_3efbc7a176_k.jpg
../../../media/images/flickr/crawled/images/23801602055_4a52fa6ad1_h.jpg
../../../media/images/flickr/crawled/images/23527024322_8960e63b45_o.jpg
../../../media/images/flickr/crawled/images/23579550850_8d0d4a12ac_o.jpg
../../../media/images/flickr/crawled/images/23752652681_6f14f09c9e_o.jpg
../../../media/images/flickr/crawled/images/23797720206_fbfe86e4c5_k.jpg
../../../media/images/flickr/crawled/images/23554352851_b662c34274_o.jpg
../../../media/images/flickr/crawled/images/23830003415_d523a97c32_o.jpg
../../../media/images/flickr/crawled/images/23145891323_8c15153047_o.jpg
../../../media/images/flickr/crawled/images/23824011695_41102b907f_o.jpg
../../../media/images/flickr/crawled/images/22816726400_58597ce549_o.jpg
../../../media/images/flickr/crawled/images/23223823473_41d25bd485_o.jpg
../../../media/images/flickr/crawled/images/22674297693_f71c319f17_o.jpg
../../../media/images/flickr/crawled/images/23117750803_ef4ecbf027_b.jpg
../../../media/images/flickr/crawled/images/23075881040_335b1c9197_o.jpg
../../../media/images/flickr/crawled/images/23075208490_b926413a6c_b.jpg
../../../media/images/flickr/crawled/images/23321410521_9b16b6af8d_o.jpg
../../../media/images/flickr/crawled/images/23740552532_7dfcc0533b_o.jpg
../../../media/images/flickr/crawled/images/23419726739_f8fec82ca4_h.jpg
../../../media/images/flickr/crawled/images/23274093739_f7c8d840a8_o.jpg
../../../media/images/flickr/crawled/images/23697278111_2229d855d1_o.jpg
../../../media/images/flickr/crawled/images/23721527515_fb543f457c_o.jpg
../../../media/images/flickr/crawled/images/23562804970_03a5d9e6da_o.jpg
../../../media/images/flickr/crawled/images/23353426656_9ef81703ec_o.jpg
../../../media/images/flickr/crawled/images/23870608985_c4a7f579e4_o.jpg
../../../media/images/flickr/crawled/images/23425405199_257a0bfa80_o.jpg
../../../media/images/flickr/crawled/images/23122565463_9a436a0c43_o.jpg
../../../media/images/flickr/crawled/images/23611152752_74431f77d4_o.jpg
../../../media/images/flickr/crawled/images/22600282141_c65910210f_o.jpg
../../../media/images/flickr/crawled/images/23287025070_e737254c8c_o.jpg
../../../media/images/flickr/crawled/images/23121733543_c47583ef5f_o.jpg
../../../media/images/flickr/crawled/images/22737679684_0625980951_o.jpg
../../../media/images/flickr/crawled/images/22671643426_e05675dc49_b.jpg
../../../media/images/flickr/crawled/images/23517482149_629120440d_o.jpg
../../../media/images/flickr/crawled/images/23696849876_52f9638672_z.jpg
../../../media/images/flickr/crawled/images/23766303091_d55b81a749_o.jpg
../../../media/images/flickr/crawled/images/23302252120_7212a14d3c_o.jpg
../../../media/images/flickr/crawled/images/21266177274_9f3f7a6357_o.jpg
../../../media/images/flickr/crawled/images/23012687209_39623b19a9_o.jpg
../../../media/images/flickr/crawled/images/23696775776_b08353c57c_o.jpg
../../../media/images/flickr/crawled/images/23285521422_cb4fa15dc7_o.jpg
../../../media/images/flickr/crawled/images/22763436273_facf3b21f8_o.jpg
../../../media/images/flickr/crawled/images/23401804845_bfdb7dfae7_k.jpg
../../../media/images/flickr/crawled/images/22491771643_0dc52fae5f_o.jpg
../../../media/images/flickr/crawled/images/23559025341_de4e69a38a_o.jpg
../../../media/images/flickr/crawled/images/22945321694_69878484b0_o.jpg
../../../media/images/flickr/crawled/images/23588472370_6baaab434d_o.jpg
../../../media/images/flickr/crawled/images/23037803804_4c598128f8_k.jpg
../../../media/images/flickr/crawled/images/23894177515_4cb950b7c8_o.jpg
../../../media/images/flickr/crawled/images/22735293684_788ae63339_o.jpg
../../../media/images/flickr/crawled/images/23501078930_0d8e29b791_k.jpg
../../../media/images/flickr/crawled/images/23121218720_b7ca0f05cf_o.jpg
../../../media/images/flickr/crawled/images/23497592429_8ee5c5731e_o.jpg
../../../media/images/flickr/crawled/images/23118483474_bec2661051_o.jpg
../../../media/images/flickr/crawled/images/23693967321_23e87080ee_o.jpg
../../../media/images/flickr/crawled/images/23828745605_6389bb662f_b.jpg
../../../media/images/flickr/crawled/images/23746046096_27695b82b7_o.jpg
../../../media/images/flickr/crawled/images/23710236612_b6ab3cc8b4_o.jpg
../../../media/images/flickr/crawled/images/23761316556_13c8fc3648_o.jpg
../../../media/images/flickr/crawled/images/22329418314_a8cfd79ac3_o.jpg
../../../media/images/flickr/crawled/images/22355498789_d7903f8a3a_h.jpg
../../../media/images/flickr/crawled/images/23646464786_48f7e96f2e_o.jpg
../../../media/images/flickr/crawled/images/21824005226_2794bd03f7_o.jpg
../../../media/images/flickr/crawled/images/23165790404_0ebf368896_h.jpg
../../../media/images/flickr/crawled/images/23177733274_c2af282472_o.jpg
../../../media/images/flickr/crawled/images/23257385554_8d93dde03f_o.jpg
../../../media/images/flickr/crawled/images/23452127470_4f974dab4e_o.jpg
../../../media/images/flickr/crawled/images/23466779550_94866a7a64_k.jpg
../../../media/images/flickr/crawled/images/22877804819_8371e210f3_b.jpg
../../../media/images/flickr/crawled/images/23518200090_6a242eeacd_b.jpg
../../../media/images/flickr/crawled/images/23463917389_ab061c6e5b_o.jpg
../../../media/images/flickr/crawled/images/23729296245_b560e7f136_k.jpg
../../../media/images/flickr/crawled/images/23633614195_ac488ef8d5_b.jpg
../../../media/images/flickr/crawled/images/22773700173_8e4d0a9769_o.jpg
../../../media/images/flickr/crawled/images/21763689961_1b3ff67e09_k.jpg
../../../media/images/flickr/crawled/images/21957121560_aeeb1fc68e_o.jpg
../../../media/images/flickr/crawled/images/23467542882_4055896b14_o.jpg
../../../media/images/flickr/crawled/images/23714657611_fe5059fbc8_o.jpg
../../../media/images/flickr/crawled/images/23589422021_d06228f458_o.jpg
../../../media/images/flickr/crawled/images/23368371085_51651a267c_k.jpg
../../../media/images/flickr/crawled/images/22474421258_b49a62a91b_b.jpg
../../../media/images/flickr/crawled/images/23555197830_ba6b5d421c_o.jpg
../../../media/images/flickr/crawled/images/22758615845_bc5a5ddce8_k.jpg
../../../media/images/flickr/crawled/images/23761359052_c2657c1502_k.jpg
../../../media/images/flickr/crawled/images/23317872602_9edc0c42d0_o.jpg
../../../media/images/flickr/crawled/images/23409426109_e44b169b55_o.jpg
../../../media/images/flickr/crawled/images/7849465272_60f744d2ae_k.jpg
../../../media/images/flickr/crawled/images/23113007234_8b97278459_b.jpg
../../../media/images/flickr/crawled/images/23812355635_fd5f9b5666_k.jpg
../../../media/images/flickr/crawled/images/23640280881_7abd489297_o.jpg
../../../media/images/flickr/crawled/images/23281385192_2d7ee2d31c_o.jpg
../../../media/images/flickr/crawled/images/21040146353_58e1a0104e_o.jpg
../../../media/images/flickr/crawled/images/23748802905_b1c3562915_o.jpg
../../../media/images/flickr/crawled/images/23159851224_77450c36ea_o.jpg
../../../media/images/flickr/crawled/images/23363689100_abd4f3aaba_o.jpg
../../../media/images/flickr/crawled/images/22779692753_115423056e_o.jpg
../../../media/images/flickr/crawled/images/23096939600_752fe64dba_o.jpg
../../../media/images/flickr/crawled/images/23161262253_c053f05482_o.jpg
../../../media/images/flickr/crawled/images/22486524637_b16cfac983_o.jpg
../../../media/images/flickr/crawled/images/23408517725_b054f28b08_o.jpg
../../../media/images/flickr/crawled/images/23672557955_e4058705fb_o.jpg
../../../media/images/flickr/crawled/images/23666436691_3955a82110_o.jpg
../../../media/images/flickr/crawled/images/23670170291_0b77eddc10_o.jpg
../../../media/images/flickr/crawled/images/23822009225_a957e668e4_k.jpg
../../../media/images/flickr/crawled/images/23059052793_13bc6756c8_b.jpg
../../../media/images/flickr/crawled/images/23617890802_dd1af41f10_o.jpg
../../../media/images/flickr/crawled/images/23659284875_243eef98a2_o.jpg
../../../media/images/flickr/crawled/images/23068338740_c1927136d2_o.jpg
../../../media/images/flickr/crawled/images/23136878881_c21989909e_o.jpg
../../../media/images/flickr/crawled/images/23789348036_9b525fbf18_o.jpg
../../../media/images/flickr/crawled/images/23632583352_5dd3ac60c8_o.jpg
../../../media/images/flickr/crawled/images/23336650536_d4b9e54194_o.jpg
../../../media/images/flickr/crawled/images/23813027056_9614ea699f_o.jpg
../../../media/images/flickr/crawled/images/22626201293_89c1d5dfc8_o.jpg
../../../media/images/flickr/crawled/images/23238715963_b87c1c8576_o.jpg
../../../media/images/flickr/crawled/images/23775168452_06f05caa34_o.jpg
../../../media/images/flickr/crawled/images/23174396723_842db9bd30_h.jpg
../../../media/images/flickr/crawled/images/23208276709_1a515cf80d_o.jpg
../../../media/images/flickr/crawled/images/22830078733_574f46816c_o.jpg
../../../media/images/flickr/crawled/images/23612412525_b9461740e1_o.jpg
../../../media/images/flickr/crawled/images/23348696399_ba0d88d82c_k.jpg
../../../media/images/flickr/crawled/images/22641959016_0c421277ca_o.jpg
../../../media/images/flickr/crawled/images/23091769544_cdf0ce6408_o.jpg
../../../media/images/flickr/crawled/images/23699364015_a45abdba51_b.jpg
../../../media/images/flickr/crawled/images/22292729693_942da70c36_k.jpg
../../../media/images/flickr/crawled/images/23474062392_9da8cbce9d_o.jpg
../../../media/images/flickr/crawled/images/22930076350_0db3b511a3_o.jpg
../../../media/images/flickr/crawled/images/23567904442_5304b6d668_o.jpg
../../../media/images/flickr/crawled/images/23727333525_8ca5eb61b1_o.jpg
../../../media/images/flickr/crawled/images/23237353344_bfee4bede1_o.jpg
../../../media/images/flickr/crawled/images/22480075803_c3bea15e12_o.jpg
../../../media/images/flickr/crawled/images/23153500864_7d3c1f0122_o.jpg
../../../media/images/flickr/crawled/images/23404660120_0826b20191_o.jpg
../../../media/images/flickr/crawled/images/22745502213_1db2b486e0_o.jpg
../../../media/images/flickr/crawled/images/23659602032_da0faa53ec_o.jpg
../../../media/images/flickr/crawled/images/23559994596_7edbee3ed9_o.jpg
../../../media/images/flickr/crawled/images/23691737341_134fd9c4bf_o.jpg
../../../media/images/flickr/crawled/images/23652307305_0981f69115_o.jpg
../../../media/images/flickr/crawled/images/23718568425_83c80c12cb_o.jpg
../../../media/images/flickr/crawled/images/23324217001_3edf2f0df9_o.jpg
../../../media/images/flickr/crawled/images/23454880971_03d94fb6b4_o.jpg
../../../media/images/flickr/crawled/images/22753649363_70d4a57d07_o.jpg
../../../media/images/flickr/crawled/images/23269983642_cd438593f7_o.jpg
../../../media/images/flickr/crawled/images/23339228606_d02243d1cb_k.jpg
../../../media/images/flickr/crawled/images/23076387750_47af0f10db_o.jpg
../../../media/images/flickr/crawled/images/23637810556_ee45568682_o.jpg
../../../media/images/flickr/crawled/images/23750160732_715b9bdb69_o.jpg
../../../media/images/flickr/crawled/images/23018521745_1d7452bd24_o.jpg
../../../media/images/flickr/crawled/images/23405029899_e8ea3cabf0_o.jpg
../../../media/images/flickr/crawled/images/21978316018_808653557f_o.jpg
../../../media/images/flickr/crawled/images/23368920045_9394c51496_o.jpg
../../../media/images/flickr/crawled/images/23202154193_03bfcb785a_h.jpg
../../../media/images/flickr/crawled/images/23140783853_f94f3d082f_k.jpg
../../../media/images/flickr/crawled/images/22607469896_f9b4d2a4c9_o.jpg
../../../media/images/flickr/crawled/images/23149493213_ca8aa9558a_o.jpg
../../../media/images/flickr/crawled/images/22431229230_63131fa282_o.jpg
../../../media/images/flickr/crawled/images/22779499073_306733a6d1_o.jpg
../../../media/images/flickr/crawled/images/22928457800_ec7000d674_o.jpg
../../../media/images/flickr/crawled/images/23246579504_0d9b10ef70_k.jpg
../../../media/images/flickr/crawled/images/23574902520_5f441e10b5_o.jpg
../../../media/images/flickr/crawled/images/23638530702_0b33a9a53c_o.jpg
../../../media/images/flickr/crawled/images/23104406963_47697aab3d_o.jpg
../../../media/images/flickr/crawled/images/23879220455_fa0baf7a59_o.jpg
../../../media/images/flickr/crawled/images/23143194063_e9ced81ed7_o.jpg
../../../media/images/flickr/crawled/images/23735775595_5c66ea5436_k.jpg
../../../media/images/flickr/crawled/images/23636410546_0023f54364_o.jpg
../../../media/images/flickr/crawled/images/23886146995_6c22987486_o.jpg
../../../media/images/flickr/crawled/images/23585096750_7ac29d742c_o.jpg
../../../media/images/flickr/crawled/images/22462660650_47f0a4d76c_o.jpg
../../../media/images/flickr/crawled/images/22755477593_b8fe349e23_o.jpg
../../../media/images/flickr/crawled/images/23517362410_a0a7ca18e8_o.jpg
../../../media/images/flickr/crawled/images/23168122074_98e19f8afb_o.jpg
../../../media/images/flickr/crawled/images/23093846740_03c5e5b94f_o.jpg
../../../media/images/flickr/crawled/images/23039409169_4d9ebe173b_o.jpg
../../../media/images/flickr/crawled/images/22897982954_beda26606f_k.jpg
../../../media/images/flickr/crawled/images/23727445916_fdb67cd8a7_o.jpg
../../../media/images/flickr/crawled/images/23577239120_ff74e32d53_o.jpg
../../../media/images/flickr/crawled/images/23791379785_0fe0e8ac01_o.jpg
../../../media/images/flickr/crawled/images/23039923472_e4008bde7b_k.jpg
../../../media/images/flickr/crawled/images/22421647547_8e80eb3d84_b.jpg
../../../media/images/flickr/crawled/images/23030029379_fc782fe3a6_b.jpg
../../../media/images/flickr/crawled/images/23554352020_82846005f0_o.jpg
../../../media/images/flickr/crawled/images/23497646479_e277999e72_o.jpg
../../../media/images/flickr/crawled/images/23874599995_e01b370651_o.jpg
../../../media/images/flickr/crawled/images/23627419321_d645ae9558_o.jpg
../../../media/images/flickr/crawled/images/23629302885_304126a4cc_o.jpg
../../../media/images/flickr/crawled/images/23696738276_16529fc207_o.jpg
../../../media/images/flickr/crawled/images/23639195071_791dbcb641_o.jpg
../../../media/images/flickr/crawled/images/23243629673_dcf9f7c440_o.jpg
../../../media/images/flickr/crawled/images/22444223204_959718dec5_o.jpg
../../../media/images/flickr/crawled/images/23454886741_6fc4e4f450_o.jpg
../../../media/images/flickr/crawled/images/22773803154_4dcb1caa27_o.jpg
../../../media/images/flickr/crawled/images/23313837181_b4407066c0_k.jpg
../../../media/images/flickr/crawled/images/23744418051_a029341782_o.jpg
../../../media/images/flickr/crawled/images/21964147154_04a0f1352c_o.jpg
../../../media/images/flickr/crawled/images/23773234491_af45b862ed_h.jpg
../../../media/images/flickr/crawled/images/23781396181_e0108fa268_o.jpg
../../../media/images/flickr/crawled/images/23229890919_1a107ece47_o.jpg
../../../media/images/flickr/crawled/images/22629966431_461548be3b_o.jpg
../../../media/images/flickr/crawled/images/23431122989_58417781fd_o.jpg
../../../media/images/flickr/crawled/images/23490688650_87f803e3e4_k.jpg
../../../media/images/flickr/crawled/images/23252785484_4061575cd5_o.jpg
../../../media/images/flickr/crawled/images/22774656353_b9223771d4_o.jpg
../../../media/images/flickr/crawled/images/23158059903_5f998511a3_o.jpg
../../../media/images/flickr/crawled/images/23723037196_7c1463026b_k.jpg
../../../media/images/flickr/crawled/images/23101104154_72b6d37253_k.jpg
../../../media/images/flickr/crawled/images/16036803861_23cfd69168_k.jpg
../../../media/images/flickr/crawled/images/23802564026_d8c3d918b0_h.jpg
../../../media/images/flickr/crawled/images/23808020935_cbc75597bc_o.jpg
../../../media/images/flickr/crawled/images/23488621779_c3d7c3ff26_o.jpg
../../../media/images/flickr/crawled/images/23763273082_d4aae64b11_o.jpg
../../../media/images/flickr/crawled/images/23038360749_7b3a344a74_k.jpg
../../../media/images/flickr/crawled/images/22901818766_af9615b1e0_k.jpg
../../../media/images/flickr/crawled/images/23220601754_64b210ddbc_o.jpg
../../../media/images/flickr/crawled/images/22888037849_8a43e2c006_o.jpg
../../../media/images/flickr/crawled/images/23749824716_6655d8cd0e_z.jpg
../../../media/images/flickr/crawled/images/23136923121_756422142b_o.jpg
../../../media/images/flickr/crawled/images/23196090903_5ce91ed99f_o.jpg
../../../media/images/flickr/crawled/images/23610022682_d5a711ce0e_k.jpg
../../../media/images/flickr/crawled/images/23577928490_1fdcce0931_b.jpg
../../../media/images/flickr/crawled/images/22993656059_6c4facbb87_k.jpg
../../../media/images/flickr/crawled/images/22446700554_a0cfc7bb45_k.jpg
../../../media/images/flickr/crawled/images/23276666002_9f60444913_k.jpg
../../../media/images/flickr/crawled/images/21399050932_5baf728b2e_o.jpg
../../../media/images/flickr/crawled/images/22764302523_6928c53c11_o.jpg
../../../media/images/flickr/crawled/images/22793064619_3c7c76b738_k.jpg
../../../media/images/flickr/crawled/images/23136952874_46667362ba_o.jpg
../../../media/images/flickr/crawled/images/22910352083_944ffc33b8_o.jpg
../../../media/images/flickr/crawled/images/21994755024_465d71b855_o.jpg
../../../media/images/flickr/crawled/images/23203145353_ccc9b99550_o.jpg
../../../media/images/flickr/crawled/images/23486164589_71e03dc685_o.jpg
../../../media/images/flickr/crawled/images/23726547102_edf4100124_k.jpg
../../../media/images/flickr/crawled/images/23346392310_c6bb3f83d9_o.jpg
../../../media/images/flickr/crawled/images/23622999142_50b1f547c9_o.jpg
../../../media/images/flickr/crawled/images/23700529276_fbe62668ee_k.jpg
../../../media/images/flickr/crawled/images/21898599431_a8c7bdd7eb_o.jpg
../../../media/images/flickr/crawled/images/23852961675_ac61fdec7c_o.jpg
../../../media/images/flickr/crawled/images/23840576885_2b9a26ea56_k.jpg
../../../media/images/flickr/crawled/images/22514563766_b9d9a75b95_o.jpg
../../../media/images/flickr/crawled/images/23104337013_14ae6a2dff_o.jpg
../../../media/images/flickr/crawled/images/23503736639_ac97a83bef_k.jpg
../../../media/images/flickr/crawled/images/23644506111_bcb74814ac_k.jpg
../../../media/images/flickr/crawled/images/22738948783_30db0a51f4_h.jpg
../../../media/images/flickr/crawled/images/23666895101_711a858961_o.jpg
../../../media/images/flickr/crawled/images/23374169575_ea5f86f65f_k.jpg
../../../media/images/flickr/crawled/images/23872764525_b6c4a3e5d2_o.jpg
../../../media/images/flickr/crawled/images/23629765291_0d82a34549_k.jpg
../../../media/images/flickr/crawled/images/22325427204_3122c6d137_k.jpg
../../../media/images/flickr/crawled/images/23744768262_f987611175_b.jpg
../../../media/images/flickr/crawled/images/22813652004_8b880ee235_o.jpg
../../../media/images/flickr/crawled/images/23686807611_7cd2c34530_o.jpg
../../../media/images/flickr/crawled/images/22463229966_59a0a7c39e_h.jpg
../../../media/images/flickr/crawled/images/23485722019_1563d1d296_k.jpg
../../../media/images/flickr/crawled/images/23644509802_148e23ba19_o.jpg
../../../media/images/flickr/crawled/images/23094743064_4d51681b97_o.jpg
../../../media/images/flickr/crawled/images/23695944391_ae072f98f4_h.jpg
../../../media/images/flickr/crawled/images/23769659291_449f50e969_o.jpg
../../../media/images/flickr/crawled/images/23589722140_03c676d364_o.jpg
../../../media/images/flickr/crawled/images/23692911895_ac5d4ed998_o.jpg
../../../media/images/flickr/crawled/images/23641474645_e34ac20b57_o.jpg
../../../media/images/flickr/crawled/images/23695044775_b5fc455582_o.jpg
../../../media/images/flickr/crawled/images/23836309565_daf18b4705_k.jpg
../../../media/images/flickr/crawled/images/23712037986_30198c3858_o.jpg
../../../media/images/flickr/crawled/images/23038795279_06cc8b92fd_k.jpg
../../../media/images/flickr/crawled/images/23093113580_fa7f4d3f80_o.jpg
../../../media/images/flickr/crawled/images/23746070975_ae681e0c08_o.jpg
../../../media/images/flickr/crawled/images/23454473910_c4c69fc9f8_k.jpg
../../../media/images/flickr/crawled/images/23692553182_2d0970e2da_b.jpg
../../../media/images/flickr/crawled/images/23800678321_7cf9c380d0_k.jpg
../../../media/images/flickr/crawled/images/22639110004_c26278b424_o.jpg
../../../media/images/flickr/crawled/images/23583835190_a11470691b_o.jpg
../../../media/images/flickr/crawled/images/23244260824_c65c09de17_o.jpg
../../../media/images/flickr/crawled/images/23598031346_c9115a8a32_o.jpg
../../../media/images/flickr/crawled/images/23653839605_d90fe08d54_o.jpg
../../../media/images/flickr/crawled/images/23305451441_5ede2dc3c4_o.jpg
../../../media/images/flickr/crawled/images/22382256110_78b6369c69_o.jpg
../../../media/images/flickr/crawled/images/23266804923_d5b7f1957f_k.jpg
../../../media/images/flickr/crawled/images/23003506874_370eec59ee_h.jpg
../../../media/images/flickr/crawled/images/23357550039_2e6b60a64c_o.jpg
../../../media/images/flickr/crawled/images/23709559006_a7cbc0b1f3_b.jpg
../../../media/images/flickr/crawled/images/23504096151_761713813a_o.jpg
../../../media/images/flickr/crawled/images/23258878796_b8acee57d6_o.jpg
../../../media/images/flickr/crawled/images/23407683759_0e9c47ce7a_k.jpg
../../../media/images/flickr/crawled/images/23405101829_eb9deb0742_o.jpg
../../../media/images/flickr/crawled/images/22707967935_83c8c5868d_k.jpg
../../../media/images/flickr/crawled/images/22456031859_a44f2dc282_k.jpg
../../../media/images/flickr/crawled/images/22989143470_f00057e77f_o.jpg
../../../media/images/flickr/crawled/images/22847454182_e9c74a4a7e_b.jpg
../../../media/images/flickr/crawled/images/23068501093_ace79e65f3_o.jpg
../../../media/images/flickr/crawled/images/23687607911_a8ea5c0af8_o.jpg
../../../media/images/flickr/crawled/images/22739458415_e140752779_o.jpg
../../../media/images/flickr/crawled/images/22869331123_af8545d315_h.jpg
../../../media/images/flickr/crawled/images/22335119699_f2c0ec53bd_o.jpg
../../../media/images/flickr/crawled/images/23367859345_d9bcecf190_o.jpg
../../../media/images/flickr/crawled/images/23877846105_7a0f210299_o.jpg
../../../media/images/flickr/crawled/images/23214478704_e956731691_o.jpg
../../../media/images/flickr/crawled/images/23131506754_da963ad8f6_k.jpg
../../../media/images/flickr/crawled/images/22722498938_968147feaa_o.jpg
../../../media/images/flickr/crawled/images/23314393541_efe0a2041e_k.jpg
../../../media/images/flickr/crawled/images/23725005385_2043ce59d8_o.jpg
../../../media/images/flickr/crawled/images/23378393299_fd384d6561_o.jpg
../../../media/images/flickr/crawled/images/23433712720_050a7912c8_k.jpg
../../../media/images/flickr/crawled/images/23848819696_9f6a668702_o.jpg
../../../media/images/flickr/crawled/images/23245291859_c3fb777a16_o.jpg
../../../media/images/flickr/crawled/images/23854519515_90ea7038e0_o.jpg
../../../media/images/flickr/crawled/images/23491477270_d439827baa_o.jpg
../../../media/images/flickr/crawled/images/23258617852_7ce5607eb9_o.jpg
../../../media/images/flickr/crawled/images/23547007611_b3dae347e7_o.jpg
../../../media/images/flickr/crawled/images/23167102864_872864b84e_k.jpg
../../../media/images/flickr/crawled/images/23731398885_8863483a93_o.jpg
../../../media/images/flickr/crawled/images/23200674640_44c6492989_h.jpg
../../../media/images/flickr/crawled/images/23496500000_ddbdd88e50_b.jpg
../../../media/images/flickr/crawled/images/23013435134_205792a8b6_o.jpg
../../../media/images/flickr/crawled/images/23519514040_9039ec7883_h.jpg
../../../media/images/flickr/crawled/images/23853020175_21acaa321a_o.jpg
../../../media/images/flickr/crawled/images/22783416639_4c1d591180_o.jpg
../../../media/images/flickr/crawled/images/23612067762_f2f92963e8_h.jpg
../../../media/images/flickr/crawled/images/22154405001_8b1d5df101_k.jpg
../../../media/images/flickr/crawled/images/23050948653_79a8fae7e9_o.jpg
../../../media/images/flickr/crawled/images/22508370822_cb374326d4_o.jpg
../../../media/images/flickr/crawled/images/22477208249_4f01b36fde_o.jpg
../../../media/images/flickr/crawled/images/23540541651_34f052cedb_k.jpg
../../../media/images/flickr/crawled/images/23778597061_02584cd961_o.jpg
../../../media/images/flickr/crawled/images/23731456716_c43387958d_k.jpg
../../../media/images/flickr/crawled/images/23076639595_6f0c71b2c9_o.jpg
../../../media/images/flickr/crawled/images/23569807580_50376d969a_o.jpg
../../../media/images/flickr/crawled/images/21401777442_67af17f97a_o.jpg
../../../media/images/flickr/crawled/images/23739256165_8090cf13a9_o.jpg
../../../media/images/flickr/crawled/images/23096104414_41be5a94a2_o.jpg
../../../media/images/flickr/crawled/images/19110322680_00ee056c31_k.jpg
../../../media/images/flickr/crawled/images/23659542645_8decf37c81_o.jpg
../../../media/images/flickr/crawled/images/23461983169_bceb499e8c_o.jpg
../../../media/images/flickr/crawled/images/22720297146_71d250c763_o.jpg
../../../media/images/flickr/crawled/images/23208726393_2ba73c6d8f_b.jpg
../../../media/images/flickr/crawled/images/22939401362_615bf63ba3_o.jpg
../../../media/images/flickr/crawled/images/23558839230_71a7b01958_b.jpg
../../../media/images/flickr/crawled/images/23505932480_c4b76332db_o.jpg
../../../media/images/flickr/crawled/images/23642040105_622a87d05e_o.jpg
../../../media/images/flickr/crawled/images/23516425060_118d36f186_o.jpg
../../../media/images/flickr/crawled/images/23022656131_b38faed7ae_h.jpg
../../../media/images/flickr/crawled/images/21698788700_d2a12c46f3_o.jpg
../../../media/images/flickr/crawled/images/22788350367_08cb9f76e8_b.jpg
../../../media/images/flickr/crawled/images/23103201784_2f991d3fc9_o.jpg
../../../media/images/flickr/crawled/images/23162946803_08ae15efeb_o.jpg
../../../media/images/flickr/crawled/images/23222106973_b088b76b61_k.jpg
../../../media/images/flickr/crawled/images/23619593185_ed1eb90c9f_o.jpg
../../../media/images/flickr/crawled/images/20767176394_9f80aa457d_k.jpg
../../../media/images/flickr/crawled/images/22531242676_82c59ba2cc_o.jpg
../../../media/images/flickr/crawled/images/22720775276_6f866d00fb_o.jpg
../../../media/images/flickr/crawled/images/23787213326_a95cda5a06_b.jpg
../../../media/images/flickr/crawled/images/23595492751_f7a3896aa1_o.jpg
../../../media/images/flickr/crawled/images/23265644452_e93fbdc29e_h.jpg
../../../media/images/flickr/crawled/images/23170524594_2d1c1deb47_o.jpg
../../../media/images/flickr/crawled/images/22731539996_4e9d01dd67_o.jpg
../../../media/images/flickr/crawled/images/23403102109_cdf1e146fa_b.jpg
../../../media/images/flickr/crawled/images/23037198719_198b959935_o.jpg
../../../media/images/flickr/crawled/images/22750659733_111c6510b1_o.jpg
../../../media/images/flickr/crawled/images/22259424550_68e5020aac_k.jpg
../../../media/images/flickr/crawled/images/22600231073_8ca236b121_o.jpg
../../../media/images/flickr/crawled/images/23010411139_4c74a3ec86_o.jpg
../../../media/images/flickr/crawled/images/23427147250_8b1d533d5b_o.jpg
../../../media/images/flickr/crawled/images/22775926994_fff990c228_o.jpg
../../../media/images/flickr/crawled/images/22470017650_973d687af8_b.jpg
../../../media/images/flickr/crawled/images/23698826126_aaa9857f79_k.jpg
../../../media/images/flickr/crawled/images/22749922926_e92eff9572_o.jpg
../../../media/images/flickr/crawled/images/23747980035_1dab0e8118_k.jpg
../../../media/images/flickr/crawled/images/23401041105_88a4aedebc_o.jpg
../../../media/images/flickr/crawled/images/23165196914_f1cfc84727_o.jpg
../../../media/images/flickr/crawled/images/22865721903_921421a5de_o.jpg
../../../media/images/flickr/crawled/images/23727260336_a179c01718_k.jpg
../../../media/images/flickr/crawled/images/22873950123_412cc6ea20_k.jpg
../../../media/images/flickr/crawled/images/21446424041_ecc77f5074_b.jpg
../../../media/images/flickr/crawled/images/23353650869_6379933c4f_o.jpg
../../../media/images/flickr/crawled/images/22125217083_e362381d44_o.jpg
../../../media/images/flickr/crawled/images/23087552583_de4da9c793_o.jpg
../../../media/images/flickr/crawled/images/22746190214_90dc1470f1_b.jpg
../../../media/images/flickr/crawled/images/23520915750_6ca77d7bc3_o.jpg
../../../media/images/flickr/crawled/images/23124024044_980010de76_b.jpg
../../../media/images/flickr/crawled/images/23101346843_60b7916336_h.jpg
../../../media/images/flickr/crawled/images/23498851149_f9874ec6f3_o.jpg
../../../media/images/flickr/crawled/images/22412421884_5e1b8eb95c_o.jpg
../../../media/images/flickr/crawled/images/22590095809_9b834f5295_o.jpg
../../../media/images/flickr/crawled/images/22670159856_7b3e76b078_o.jpg
../../../media/images/flickr/crawled/images/23138825114_3f0c63441b_k.jpg
../../../media/images/flickr/crawled/images/23801454776_e613040e3a_o.jpg
../../../media/images/flickr/crawled/images/23675055466_98e3726a67_b.jpg
../../../media/images/flickr/crawled/images/23199363814_c9c3ce9e27_o.jpg
../../../media/images/flickr/crawled/images/23537424815_52f0f6fece_o.jpg
../../../media/images/flickr/crawled/images/23811075386_81a65fe447_o.jpg
../../../media/images/flickr/crawled/images/22592096695_a14406920d_o.jpg
../../../media/images/flickr/crawled/images/23517815396_aa88b9e3ae_o.jpg
../../../media/images/flickr/crawled/images/23373834476_003f4bba37_o.jpg
../../../media/images/flickr/crawled/images/23795676135_207b91cf14_o.jpg
../../../media/images/flickr/crawled/images/23870567625_8b0398233f_o.jpg
../../../media/images/flickr/crawled/images/23428878230_5b7260bd81_o.jpg
../../../media/images/flickr/crawled/images/23283196851_3af8588b11_o.jpg
../../../media/images/flickr/crawled/images/23014486663_41e2c58b9d_o.jpg
../../../media/images/flickr/crawled/images/23440153050_e9a8d7e3a3_k.jpg
../../../media/images/flickr/crawled/images/22757836761_15a5430ee0_o.jpg
../../../media/images/flickr/crawled/images/23604010421_1ec46d0c4b_k.jpg
../../../media/images/flickr/crawled/images/23770556895_16c4ca35c0_k.jpg
../../../media/images/flickr/crawled/images/23090519890_73b88e573f_o.jpg
../../../media/images/flickr/crawled/images/23315019731_b91e343a19_h.jpg
../../../media/images/flickr/crawled/images/23115386624_74ccf41007_o.jpg
../../../media/images/flickr/crawled/images/22772681153_084f75a847_o.jpg
../../../media/images/flickr/crawled/images/23658700602_fc1296d2ca_o.jpg
../../../media/images/flickr/crawled/images/23767238735_813080c9e6_o.jpg
../../../media/images/flickr/crawled/images/22775214583_c69bb45273_o.jpg
../../../media/images/flickr/crawled/images/23615936246_1760c6a401_o.jpg
../../../media/images/flickr/crawled/images/23826606085_3ff082c0bb_o.jpg
../../../media/images/flickr/crawled/images/23714540885_5efe314d7e_b.jpg
../../../media/images/flickr/crawled/images/22873341089_af32a6dfc3_k.jpg
../../../media/images/flickr/crawled/images/22551282177_3ed6ff1dd5_o.jpg
../../../media/images/flickr/crawled/images/23759182215_f3b7f28489_o.jpg
../../../media/images/flickr/crawled/images/23268767825_73b7c0d3fe_k.jpg
../../../media/images/flickr/crawled/images/23208042253_0fc019e7e3_k.jpg
../../../media/images/flickr/crawled/images/23797121321_9fc2b4b845_o.jpg
../../../media/images/flickr/crawled/images/23829829285_e004fe86d5_k.jpg
../../../media/images/flickr/crawled/images/23359906096_300a189704_o.jpg
../../../media/images/flickr/crawled/images/23869707095_e67e57ae85_o.jpg
../../../media/images/flickr/crawled/images/23733773711_86ee19771f_o.jpg
../../../media/images/flickr/crawled/images/23649536736_d4b0a1d0ff_k.jpg
../../../media/images/flickr/crawled/images/22995628992_05f1759f6d_o.jpg
../../../media/images/flickr/crawled/images/23723209365_75d1a2fbe9_o.jpg
../../../media/images/flickr/crawled/images/23766460056_56453193c3_o.jpg
../../../media/images/flickr/crawled/images/22758360693_323f1a41cf_k.jpg
../../../media/images/flickr/crawled/images/23638840272_5ea5cfc5c3_o.jpg
../../../media/images/flickr/crawled/images/23718696905_016088c9ba_k.jpg
../../../media/images/flickr/crawled/images/23093618814_8f7ed06951_o.jpg
../../../media/images/flickr/crawled/images/23705471512_de09390e42_z.jpg
../../../media/images/flickr/crawled/images/22544524392_eddf7afcc0_o.jpg
../../../media/images/flickr/crawled/images/23779374941_3e4dd6c0c5_k.jpg
../../../media/images/flickr/crawled/images/23206564604_84d34c68d4_o.jpg
../../../media/images/flickr/crawled/images/22506489003_2d8100ca2e_o.jpg
../../../media/images/flickr/crawled/images/23658729502_cee2e77431_o.jpg
../../../media/images/flickr/crawled/images/23458275099_7a0dd38097_o.jpg
../../../media/images/flickr/crawled/images/23496510719_27ad1c2ef7_k.jpg
../../../media/images/flickr/crawled/images/21343746714_f5fa5ae7d5_b.jpg
../../../media/images/flickr/crawled/images/23314137461_b074a2d790_o.jpg
../../../media/images/flickr/crawled/images/23205437303_58b074aac7_o.jpg
../../../media/images/flickr/crawled/images/23118845734_ae0cc38dcf_h.jpg
../../../media/images/flickr/crawled/images/23567709310_d0350b7991_o.jpg
../../../media/images/flickr/crawled/images/23549684092_1b2ea973dd_k.jpg
../../../media/images/flickr/crawled/images/23361646959_e254007bad_k.jpg
../../../media/images/flickr/crawled/images/23371398680_9f8b02843e_o.jpg
../../../media/images/flickr/crawled/images/23249541293_cc604cc6a8_o.jpg
../../../media/images/flickr/crawled/images/23295121681_fb081ca13f_o.jpg
../../../media/images/flickr/crawled/images/23365822316_d5ecac23f3_o.jpg
../../../media/images/flickr/crawled/images/23599074082_dd4bba8433_o.jpg
../../../media/images/flickr/crawled/images/23242373514_ac8241b071_o.jpg
../../../media/images/flickr/crawled/images/23485975180_039df5f49a_o.jpg
../../../media/images/flickr/crawled/images/23005369340_18ce0b3468_k.jpg
../../../media/images/flickr/crawled/images/22068209388_963f7d40df_k.jpg
../../../media/images/flickr/crawled/images/23783964806_f807ef38d9_o.jpg
../../../media/images/flickr/crawled/images/23417139879_ebc89149bf_o.jpg
../../../media/images/flickr/crawled/images/23645715131_c0c22654a4_k.jpg
../../../media/images/flickr/crawled/images/23485801699_42b6105391_b.jpg
../../../media/images/flickr/crawled/images/23747378661_987ec0f146_o.jpg
../../../media/images/flickr/crawled/images/23127248974_115f5ab1be_o.jpg
../../../media/images/flickr/crawled/images/23770390326_a7fcbb4e81_o.jpg
../../../media/images/flickr/crawled/images/23808059465_2192a64772_o.jpg
../../../media/images/flickr/crawled/images/23644663761_9210d138fa_k.jpg
../../../media/images/flickr/crawled/images/23812265295_dced9bc59f_k.jpg
../../../media/images/flickr/crawled/images/23571049530_09ee2b9a4f_o.jpg
../../../media/images/flickr/crawled/images/23267963672_bf6c5764dd_k.jpg
../../../media/images/flickr/crawled/images/22919782846_e128366a9d_k.jpg
../../../media/images/flickr/crawled/images/23747544121_82fb3d8e14_k.jpg
../../../media/images/flickr/crawled/images/22036784973_7d54ef99f9_b.jpg
../../../media/images/flickr/crawled/images/23855181226_93b57f445a_o.jpg
../../../media/images/flickr/crawled/images/23824601786_1524fd7ccd_o.jpg
